Archive member included to satisfy reference by file (symbol)

c:/users/cubeline/appdata/local/programs/stm32cubeide_1.7.0/stm32cubeide/plugins/com.st.stm32cube.ide.mcu.externaltools.gnu-tools-for-stm32.9-2020-q2-update.win32_2.0.0.202105311346/tools/bin/../lib/gcc/arm-none-eabi/9.3.1/../../../../arm-none-eabi/lib/thumb/v6-m/nofp\libc_nano.a(lib_a-errno.o)
                              ./Core/Src/syscalls.o (__errno)
c:/users/cubeline/appdata/local/programs/stm32cubeide_1.7.0/stm32cubeide/plugins/com.st.stm32cube.ide.mcu.externaltools.gnu-tools-for-stm32.9-2020-q2-update.win32_2.0.0.202105311346/tools/bin/../lib/gcc/arm-none-eabi/9.3.1/../../../../arm-none-eabi/lib/thumb/v6-m/nofp\libc_nano.a(lib_a-exit.o)
                              c:/users/cubeline/appdata/local/programs/stm32cubeide_1.7.0/stm32cubeide/plugins/com.st.stm32cube.ide.mcu.externaltools.gnu-tools-for-stm32.9-2020-q2-update.win32_2.0.0.202105311346/tools/bin/../lib/gcc/arm-none-eabi/9.3.1/../../../../arm-none-eabi/lib/thumb/v6-m/nofp/crt0.o (exit)
c:/users/cubeline/appdata/local/programs/stm32cubeide_1.7.0/stm32cubeide/plugins/com.st.stm32cube.ide.mcu.externaltools.gnu-tools-for-stm32.9-2020-q2-update.win32_2.0.0.202105311346/tools/bin/../lib/gcc/arm-none-eabi/9.3.1/../../../../arm-none-eabi/lib/thumb/v6-m/nofp\libc_nano.a(lib_a-impure.o)
                              c:/users/cubeline/appdata/local/programs/stm32cubeide_1.7.0/stm32cubeide/plugins/com.st.stm32cube.ide.mcu.externaltools.gnu-tools-for-stm32.9-2020-q2-update.win32_2.0.0.202105311346/tools/bin/../lib/gcc/arm-none-eabi/9.3.1/../../../../arm-none-eabi/lib/thumb/v6-m/nofp\libc_nano.a(lib_a-exit.o) (_global_impure_ptr)
c:/users/cubeline/appdata/local/programs/stm32cubeide_1.7.0/stm32cubeide/plugins/com.st.stm32cube.ide.mcu.externaltools.gnu-tools-for-stm32.9-2020-q2-update.win32_2.0.0.202105311346/tools/bin/../lib/gcc/arm-none-eabi/9.3.1/../../../../arm-none-eabi/lib/thumb/v6-m/nofp\libc_nano.a(lib_a-init.o)
                              c:/users/cubeline/appdata/local/programs/stm32cubeide_1.7.0/stm32cubeide/plugins/com.st.stm32cube.ide.mcu.externaltools.gnu-tools-for-stm32.9-2020-q2-update.win32_2.0.0.202105311346/tools/bin/../lib/gcc/arm-none-eabi/9.3.1/../../../../arm-none-eabi/lib/thumb/v6-m/nofp/crt0.o (__libc_init_array)
c:/users/cubeline/appdata/local/programs/stm32cubeide_1.7.0/stm32cubeide/plugins/com.st.stm32cube.ide.mcu.externaltools.gnu-tools-for-stm32.9-2020-q2-update.win32_2.0.0.202105311346/tools/bin/../lib/gcc/arm-none-eabi/9.3.1/../../../../arm-none-eabi/lib/thumb/v6-m/nofp\libc_nano.a(lib_a-memset.o)
                              c:/users/cubeline/appdata/local/programs/stm32cubeide_1.7.0/stm32cubeide/plugins/com.st.stm32cube.ide.mcu.externaltools.gnu-tools-for-stm32.9-2020-q2-update.win32_2.0.0.202105311346/tools/bin/../lib/gcc/arm-none-eabi/9.3.1/../../../../arm-none-eabi/lib/thumb/v6-m/nofp/crt0.o (memset)
c:/users/cubeline/appdata/local/programs/stm32cubeide_1.7.0/stm32cubeide/plugins/com.st.stm32cube.ide.mcu.externaltools.gnu-tools-for-stm32.9-2020-q2-update.win32_2.0.0.202105311346/tools/bin/../lib/gcc/arm-none-eabi/9.3.1/thumb/v6-m/nofp\libgcc.a(_udivsi3.o)
                              ./Core/Src/system_stm32f0xx.o (__aeabi_uidiv)
c:/users/cubeline/appdata/local/programs/stm32cubeide_1.7.0/stm32cubeide/plugins/com.st.stm32cube.ide.mcu.externaltools.gnu-tools-for-stm32.9-2020-q2-update.win32_2.0.0.202105311346/tools/bin/../lib/gcc/arm-none-eabi/9.3.1/thumb/v6-m/nofp\libgcc.a(_dvmd_tls.o)
                              c:/users/cubeline/appdata/local/programs/stm32cubeide_1.7.0/stm32cubeide/plugins/com.st.stm32cube.ide.mcu.externaltools.gnu-tools-for-stm32.9-2020-q2-update.win32_2.0.0.202105311346/tools/bin/../lib/gcc/arm-none-eabi/9.3.1/thumb/v6-m/nofp\libgcc.a(_udivsi3.o) (__aeabi_idiv0)

Allocating common symbols
Common symbol       size              file

hi2c1               0x4c              ./Core/Src/i2c.o
uwTick              0x4               ./Drivers/STM32F0xx_HAL_Driver/Src/stm32f0xx_hal.o
pFlash              0x20              ./Drivers/STM32F0xx_HAL_Driver/Src/stm32f0xx_hal_flash.o
huart1              0x84              ./Core/Src/usart.o
hspi1               0x64              ./Core/Src/spi.o
hadc                0x40              ./Core/Src/adc.o

Discarded input sections

 .text          0x0000000000000000        0x0 c:/users/cubeline/appdata/local/programs/stm32cubeide_1.7.0/stm32cubeide/plugins/com.st.stm32cube.ide.mcu.externaltools.gnu-tools-for-stm32.9-2020-q2-update.win32_2.0.0.202105311346/tools/bin/../lib/gcc/arm-none-eabi/9.3.1/thumb/v6-m/nofp/crti.o
 .data          0x0000000000000000        0x0 c:/users/cubeline/appdata/local/programs/stm32cubeide_1.7.0/stm32cubeide/plugins/com.st.stm32cube.ide.mcu.externaltools.gnu-tools-for-stm32.9-2020-q2-update.win32_2.0.0.202105311346/tools/bin/../lib/gcc/arm-none-eabi/9.3.1/thumb/v6-m/nofp/crti.o
[...]
Memory Configuration

Name             Origin             Length             Attributes
RAM              0x0000000020000000 0x0000000000001000 xrw
FLASH            0x0000000008000000 0x0000000000008000 xr
*default*        0x0000000000000000 0xffffffffffffffff

Linker script and memory map

LOAD c:/users/cubeline/appdata/local/programs/stm32cubeide_1.7.0/stm32cubeide/plugins/com.st.stm32cube.ide.mcu.externaltools.gnu-tools-for-stm32.9-2020-q2-update.win32_2.0.0.202105311346/tools/bin/../lib/gcc/arm-none-eabi/9.3.1/thumb/v6-m/nofp/crti.o
LOAD c:/users/cubeline/appdata/local/programs/stm32cubeide_1.7.0/stm32cubeide/plugins/com.st.stm32cube.ide.mcu.externaltools.gnu-tools-for-stm32.9-2020-q2-update.win32_2.0.0.202105311346/tools/bin/../lib/gcc/arm-none-eabi/9.3.1/thumb/v6-m/nofp/crtbegin.o
LOAD c:/users/cubeline/appdata/local/programs/stm32cubeide_1.7.0/stm32cubeide/plugins/com.st.stm32cube.ide.mcu.externaltools.gnu-tools-for-stm32.9-2020-q2-update.win32_2.0.0.202105311346/tools/bin/../lib/gcc/arm-none-eabi/9.3.1/../../../../arm-none-eabi/lib/thumb/v6-m/nofp/crt0.o
LOAD ./Core/Src/adc.o
LOAD ./Core/Src/gpio.o
LOAD ./Core/Src/i2c.o
LOAD ./Core/Src/main.o
LOAD ./Core/Src/spi.o
LOAD ./Core/Src/stm32f0xx_hal_msp.o
LOAD ./Core/Src/stm32f0xx_it.o
LOAD ./Core/Src/syscalls.o
LOAD ./Core/Src/sysmem.o
LOAD ./Core/Src/system_stm32f0xx.o
LOAD ./Core/Src/usart.o
LOAD ./Core/Startup/startup_stm32f031k6ux.o
LOAD ./Drivers/STM32F0xx_HAL_Driver/Src/stm32f0xx_hal.o
LOAD ./Drivers/STM32F0xx_HAL_Driver/Src/stm32f0xx_hal_adc.o
LOAD ./Drivers/STM32F0xx_HAL_Driver/Src/stm32f0xx_hal_adc_ex.o
LOAD ./Drivers/STM32F0xx_HAL_Driver/Src/stm32f0xx_hal_cortex.o
LOAD ./Drivers/STM32F0xx_HAL_Driver/Src/stm32f0xx_hal_dma.o
LOAD ./Drivers/STM32F0xx_HAL_Driver/Src/stm32f0xx_hal_exti.o
LOAD ./Drivers/STM32F0xx_HAL_Driver/Src/stm32f0xx_hal_flash.o
LOAD ./Drivers/STM32F0xx_HAL_Driver/Src/stm32f0xx_hal_flash_ex.o
LOAD ./Drivers/STM32F0xx_HAL_Driver/Src/stm32f0xx_hal_gpio.o
LOAD ./Drivers/STM32F0xx_HAL_Driver/Src/stm32f0xx_hal_i2c.o
LOAD ./Drivers/STM32F0xx_HAL_Driver/Src/stm32f0xx_hal_i2c_ex.o
LOAD ./Drivers/STM32F0xx_HAL_Driver/Src/stm32f0xx_hal_pwr.o
LOAD ./Drivers/STM32F0xx_HAL_Driver/Src/stm32f0xx_hal_pwr_ex.o
LOAD ./Drivers/STM32F0xx_HAL_Driver/Src/stm32f0xx_hal_rcc.o
LOAD ./Drivers/STM32F0xx_HAL_Driver/Src/stm32f0xx_hal_rcc_ex.o
LOAD ./Drivers/STM32F0xx_HAL_Driver/Src/stm32f0xx_hal_spi.o
LOAD ./Drivers/STM32F0xx_HAL_Driver/Src/stm32f0xx_hal_spi_ex.o
LOAD ./Drivers/STM32F0xx_HAL_Driver/Src/stm32f0xx_hal_tim.o
LOAD ./Drivers/STM32F0xx_HAL_Driver/Src/stm32f0xx_hal_tim_ex.o
LOAD ./Drivers/STM32F0xx_HAL_Driver/Src/stm32f0xx_hal_uart.o
LOAD ./Drivers/STM32F0xx_HAL_Driver/Src/stm32f0xx_hal_uart_ex.o
START GROUP
LOAD c:/users/cubeline/appdata/local/programs/stm32cubeide_1.7.0/stm32cubeide/plugins/com.st.stm32cube.ide.mcu.externaltools.gnu-tools-for-stm32.9-2020-q2-update.win32_2.0.0.202105311346/tools/bin/../lib/gcc/arm-none-eabi/9.3.1/../../../../arm-none-eabi/lib/thumb/v6-m/nofp\libc_nano.a
LOAD c:/users/cubeline/appdata/local/programs/stm32cubeide_1.7.0/stm32cubeide/plugins/com.st.stm32cube.ide.mcu.externaltools.gnu-tools-for-stm32.9-2020-q2-update.win32_2.0.0.202105311346/tools/bin/../lib/gcc/arm-none-eabi/9.3.1/../../../../arm-none-eabi/lib/thumb/v6-m/nofp\libm.a
END GROUP
START GROUP
LOAD c:/users/cubeline/appdata/local/programs/stm32cubeide_1.7.0/stm32cubeide/plugins/com.st.stm32cube.ide.mcu.externaltools.gnu-tools-for-stm32.9-2020-q2-update.win32_2.0.0.202105311346/tools/bin/../lib/gcc/arm-none-eabi/9.3.1/thumb/v6-m/nofp\libgcc.a
LOAD c:/users/cubeline/appdata/local/programs/stm32cubeide_1.7.0/stm32cubeide/plugins/com.st.stm32cube.ide.mcu.externaltools.gnu-tools-for-stm32.9-2020-q2-update.win32_2.0.0.202105311346/tools/bin/../lib/gcc/arm-none-eabi/9.3.1/../../../../arm-none-eabi/lib/thumb/v6-m/nofp\libc_nano.a
END GROUP
START GROUP
LOAD c:/users/cubeline/appdata/local/programs/stm32cubeide_1.7.0/stm32cubeide/plugins/com.st.stm32cube.ide.mcu.externaltools.gnu-tools-for-stm32.9-2020-q2-update.win32_2.0.0.202105311346/tools/bin/../lib/gcc/arm-none-eabi/9.3.1/thumb/v6-m/nofp\libgcc.a
LOAD c:/users/cubeline/appdata/local/programs/stm32cubeide_1.7.0/stm32cubeide/plugins/com.st.stm32cube.ide.mcu.externaltools.gnu-tools-for-stm32.9-2020-q2-update.win32_2.0.0.202105311346/tools/bin/../lib/gcc/arm-none-eabi/9.3.1/../../../../arm-none-eabi/lib/thumb/v6-m/nofp\libc_nano.a
LOAD c:/users/cubeline/appdata/local/programs/stm32cubeide_1.7.0/stm32cubeide/plugins/com.st.stm32cube.ide.mcu.externaltools.gnu-tools-for-stm32.9-2020-q2-update.win32_2.0.0.202105311346/tools/bin/../lib/gcc/arm-none-eabi/9.3.1/../../../../arm-none-eabi/lib/thumb/v6-m/nofp\libnosys.a
END GROUP
START GROUP
LOAD c:/users/cubeline/appdata/local/programs/stm32cubeide_1.7.0/stm32cubeide/plugins/com.st.stm32cube.ide.mcu.externaltools.gnu-tools-for-stm32.9-2020-q2-update.win32_2.0.0.202105311346/tools/bin/../lib/gcc/arm-none-eabi/9.3.1/thumb/v6-m/nofp\libgcc.a
LOAD c:/users/cubeline/appdata/local/programs/stm32cubeide_1.7.0/stm32cubeide/plugins/com.st.stm32cube.ide.mcu.externaltools.gnu-tools-for-stm32.9-2020-q2-update.win32_2.0.0.202105311346/tools/bin/../lib/gcc/arm-none-eabi/9.3.1/../../../../arm-none-eabi/lib/thumb/v6-m/nofp\libc_nano.a
LOAD c:/users/cubeline/appdata/local/programs/stm32cubeide_1.7.0/stm32cubeide/plugins/com.st.stm32cube.ide.mcu.externaltools.gnu-tools-for-stm32.9-2020-q2-update.win32_2.0.0.202105311346/tools/bin/../lib/gcc/arm-none-eabi/9.3.1/../../../../arm-none-eabi/lib/thumb/v6-m/nofp\libnosys.a
END GROUP
LOAD c:/users/cubeline/appdata/local/programs/stm32cubeide_1.7.0/stm32cubeide/plugins/com.st.stm32cube.ide.mcu.externaltools.gnu-tools-for-stm32.9-2020-q2-update.win32_2.0.0.202105311346/tools/bin/../lib/gcc/arm-none-eabi/9.3.1/thumb/v6-m/nofp/crtend.o
LOAD c:/users/cubeline/appdata/local/programs/stm32cubeide_1.7.0/stm32cubeide/plugins/com.st.stm32cube.ide.mcu.externaltools.gnu-tools-for-stm32.9-2020-q2-update.win32_2.0.0.202105311346/tools/bin/../lib/gcc/arm-none-eabi/9.3.1/thumb/v6-m/nofp/crtn.o
                0x0000000020001000                _estack = (ORIGIN (RAM) + LENGTH (RAM))
                0x0000000000000200                _Min_Heap_Size = 0x200
                0x0000000000000400                _Min_Stack_Size = 0x400

.isr_vector     0x0000000008000000       0xc0
                0x0000000008000000                . = ALIGN (0x4)
 *(.isr_vector)
 .isr_vector    0x0000000008000000       0xc0 ./Core/Startup/startup_stm32f031k6ux.o
                0x0000000008000000                g_pfnVectors
                0x00000000080000c0                . = ALIGN (0x4)

.text           0x00000000080000c0     0x2818
                0x00000000080000c0                . = ALIGN (0x4)
 *(.text)
 .text          0x00000000080000c0       0x48 c:/users/cubeline/appdata/local/programs/stm32cubeide_1.7.0/stm32cubeide/plugins/com.st.stm32cube.ide.mcu.externaltools.gnu-tools-for-stm32.9-2020-q2-update.win32_2.0.0.202105311346/tools/bin/../lib/gcc/arm-none-eabi/9.3.1/thumb/v6-m/nofp/crtbegin.o
 .text          0x0000000008000108      0x114 c:/users/cubeline/appdata/local/programs/stm32cubeide_1.7.0/stm32cubeide/plugins/com.st.stm32cube.ide.mcu.externaltools.gnu-tools-for-stm32.9-2020-q2-update.win32_2.0.0.202105311346/tools/bin/../lib/gcc/arm-none-eabi/9.3.1/thumb/v6-m/nofp\libgcc.a(_udivsi3.o)
                0x0000000008000108                __aeabi_uidiv
                0x0000000008000108                __udivsi3
                0x0000000008000214                __aeabi_uidivmod
 .text          0x000000000800021c        0x4 c:/users/cubeline/appdata/local/programs/stm32cubeide_1.7.0/stm32cubeide/plugins/com.st.stm32cube.ide.mcu.externaltools.gnu-tools-for-stm32.9-2020-q2-update.win32_2.0.0.202105311346/tools/bin/../lib/gcc/arm-none-eabi/9.3.1/thumb/v6-m/nofp\libgcc.a(_dvmd_tls.o)
                0x000000000800021c                __aeabi_idiv0
                0x000000000800021c                __aeabi_ldiv0
 *(.text*)
 .text.MX_ADC_Init
                0x0000000008000220       0xb8 ./Core/Src/adc.o
                0x0000000008000220                MX_ADC_Init
 .text.HAL_ADC_MspInit
                0x00000000080002d8       0x8c ./Core/Src/adc.o
                0x00000000080002d8                HAL_ADC_MspInit
 .text.MX_GPIO_Init
                0x0000000008000364      0x174 ./Core/Src/gpio.o
                0x0000000008000364                MX_GPIO_Init
 .text.MX_I2C1_Init
                0x00000000080004d8       0x80 ./Core/Src/i2c.o
                0x00000000080004d8                MX_I2C1_Init
 .text.HAL_I2C_MspInit
                0x0000000008000558       0x9c ./Core/Src/i2c.o
                0x0000000008000558                HAL_I2C_MspInit
 .text.main     0x00000000080005f4       0x22 ./Core/Src/main.o
                0x00000000080005f4                main
 .text.SystemClock_Config
                0x0000000008000616       0xd4 ./Core/Src/main.o
                0x0000000008000616                SystemClock_Config
 .text.Error_Handler
                0x00000000080006ea        0xa ./Core/Src/main.o
                0x00000000080006ea                Error_Handler
 .text.MX_SPI1_Init
                0x00000000080006f4       0x7c ./Core/Src/spi.o
                0x00000000080006f4                MX_SPI1_Init
 .text.HAL_SPI_MspInit
                0x0000000008000770       0x98 ./Core/Src/spi.o
                0x0000000008000770                HAL_SPI_MspInit
 .text.HAL_MspInit
                0x0000000008000808       0x48 ./Core/Src/stm32f0xx_hal_msp.o
                0x0000000008000808                HAL_MspInit
 .text.NMI_Handler
                0x0000000008000850        0x6 ./Core/Src/stm32f0xx_it.o
                0x0000000008000850                NMI_Handler
 .text.HardFault_Handler
                0x0000000008000856        0x6 ./Core/Src/stm32f0xx_it.o
                0x0000000008000856                HardFault_Handler
 .text.SVC_Handler
                0x000000000800085c        0xa ./Core/Src/stm32f0xx_it.o
                0x000000000800085c                SVC_Handler
 .text.PendSV_Handler
                0x0000000008000866        0xa ./Core/Src/stm32f0xx_it.o
                0x0000000008000866                PendSV_Handler
 .text.SysTick_Handler
                0x0000000008000870        0xe ./Core/Src/stm32f0xx_it.o
                0x0000000008000870                SysTick_Handler
 .text.SystemInit
                0x000000000800087e        0xa ./Core/Src/system_stm32f0xx.o
                0x000000000800087e                SystemInit
 .text.MX_USART1_UART_Init
                0x0000000008000888       0x60 ./Core/Src/usart.o
                0x0000000008000888                MX_USART1_UART_Init
 .text.HAL_UART_MspInit
                0x00000000080008e8       0x98 ./Core/Src/usart.o
                0x00000000080008e8                HAL_UART_MspInit
 .text.Reset_Handler
                0x0000000008000980       0x50 ./Core/Startup/startup_stm32f031k6ux.o
                0x0000000008000980                Reset_Handler
 .text.Default_Handler
                0x00000000080009d0        0x2 ./Core/Startup/startup_stm32f031k6ux.o
                0x00000000080009d0                TIM1_CC_IRQHandler
                0x00000000080009d0                PVD_IRQHandler
                0x00000000080009d0                I2C1_IRQHandler
                0x00000000080009d0                SPI1_IRQHandler
                0x00000000080009d0                EXTI2_3_IRQHandler
                0x00000000080009d0                ADC1_IRQHandler
                0x00000000080009d0                TIM17_IRQHandler
                0x00000000080009d0                RTC_IRQHandler
                0x00000000080009d0                TIM16_IRQHandler
                0x00000000080009d0                TIM3_IRQHandler
                0x00000000080009d0                EXTI4_15_IRQHandler
                0x00000000080009d0                RCC_IRQHandler
                0x00000000080009d0                DMA1_Channel1_IRQHandler
                0x00000000080009d0                Default_Handler
                0x00000000080009d0                TIM14_IRQHandler
                0x00000000080009d0                DMA1_Channel4_5_IRQHandler
                0x00000000080009d0                EXTI0_1_IRQHandler
                0x00000000080009d0                WWDG_IRQHandler
                0x00000000080009d0                TIM2_IRQHandler
                0x00000000080009d0                DMA1_Channel2_3_IRQHandler
                0x00000000080009d0                FLASH_IRQHandler
                0x00000000080009d0                USART1_IRQHandler
                0x00000000080009d0                TIM1_BRK_UP_TRG_COM_IRQHandler
 *fill*         0x00000000080009d2        0x2 
 .text.HAL_Init
                0x00000000080009d4       0x28 ./Drivers/STM32F0xx_HAL_Driver/Src/stm32f0xx_hal.o
                0x00000000080009d4                HAL_Init
 .text.HAL_InitTick
                0x00000000080009fc       0x68 ./Drivers/STM32F0xx_HAL_Driver/Src/stm32f0xx_hal.o
                0x00000000080009fc                HAL_InitTick
 .text.HAL_IncTick
                0x0000000008000a64       0x24 ./Drivers/STM32F0xx_HAL_Driver/Src/stm32f0xx_hal.o
                0x0000000008000a64                HAL_IncTick
 .text.HAL_GetTick
                0x0000000008000a88       0x14 ./Drivers/STM32F0xx_HAL_Driver/Src/stm32f0xx_hal.o
                0x0000000008000a88                HAL_GetTick
 .text.HAL_ADC_Init
                0x0000000008000a9c      0x280 ./Drivers/STM32F0xx_HAL_Driver/Src/stm32f0xx_hal_adc.o
                0x0000000008000a9c                HAL_ADC_Init
 .text.HAL_ADC_ConfigChannel
                0x0000000008000d1c      0x21c ./Drivers/STM32F0xx_HAL_Driver/Src/stm32f0xx_hal_adc.o
                0x0000000008000d1c                HAL_ADC_ConfigChannel
 .text.__NVIC_SetPriority
                0x0000000008000f38       0xdc ./Drivers/STM32F0xx_HAL_Driver/Src/stm32f0xx_hal_cortex.o
 .text.SysTick_Config
                0x0000000008001014       0x48 ./Drivers/STM32F0xx_HAL_Driver/Src/stm32f0xx_hal_cortex.o
 .text.HAL_NVIC_SetPriority
                0x000000000800105c       0x2a ./Drivers/STM32F0xx_HAL_Driver/Src/stm32f0xx_hal_cortex.o
                0x000000000800105c                HAL_NVIC_SetPriority
 .text.HAL_SYSTICK_Config
                0x0000000008001086       0x1a ./Drivers/STM32F0xx_HAL_Driver/Src/stm32f0xx_hal_cortex.o
                0x0000000008001086                HAL_SYSTICK_Config
 .text.HAL_GPIO_Init
                0x00000000080010a0      0x2d0 ./Drivers/STM32F0xx_HAL_Driver/Src/stm32f0xx_hal_gpio.o
                0x00000000080010a0                HAL_GPIO_Init
 .text.HAL_GPIO_WritePin
                0x0000000008001370       0x3a ./Drivers/STM32F0xx_HAL_Driver/Src/stm32f0xx_hal_gpio.o
                0x0000000008001370                HAL_GPIO_WritePin
 *fill*         0x00000000080013aa        0x2 
 .text.HAL_I2C_Init
                0x00000000080013ac      0x12c ./Drivers/STM32F0xx_HAL_Driver/Src/stm32f0xx_hal_i2c.o
                0x00000000080013ac                HAL_I2C_Init
 .text.HAL_I2CEx_ConfigAnalogFilter
                0x00000000080014d8       0x98 ./Drivers/STM32F0xx_HAL_Driver/Src/stm32f0xx_hal_i2c_ex.o
                0x00000000080014d8                HAL_I2CEx_ConfigAnalogFilter
 .text.HAL_I2CEx_ConfigDigitalFilter
                0x0000000008001570       0x98 ./Drivers/STM32F0xx_HAL_Driver/Src/stm32f0xx_hal_i2c_ex.o
                0x0000000008001570                HAL_I2CEx_ConfigDigitalFilter
 .text.HAL_RCC_OscConfig
                0x0000000008001608      0x634 ./Drivers/STM32F0xx_HAL_Driver/Src/stm32f0xx_hal_rcc.o
                0x0000000008001608                HAL_RCC_OscConfig
 .text.HAL_RCC_ClockConfig
                0x0000000008001c3c      0x19c ./Drivers/STM32F0xx_HAL_Driver/Src/stm32f0xx_hal_rcc.o
                0x0000000008001c3c                HAL_RCC_ClockConfig
 .text.HAL_RCC_GetSysClockFreq
                0x0000000008001dd8       0xc8 ./Drivers/STM32F0xx_HAL_Driver/Src/stm32f0xx_hal_rcc.o
                0x0000000008001dd8                HAL_RCC_GetSysClockFreq
 .text.HAL_RCC_GetHCLKFreq
                0x0000000008001ea0       0x14 ./Drivers/STM32F0xx_HAL_Driver/Src/stm32f0xx_hal_rcc.o
                0x0000000008001ea0                HAL_RCC_GetHCLKFreq
 .text.HAL_RCC_GetPCLK1Freq
                0x0000000008001eb4       0x2c ./Drivers/STM32F0xx_HAL_Driver/Src/stm32f0xx_hal_rcc.o
                0x0000000008001eb4                HAL_RCC_GetPCLK1Freq
 .text.HAL_RCCEx_PeriphCLKConfig
                0x0000000008001ee0      0x19c ./Drivers/STM32F0xx_HAL_Driver/Src/stm32f0xx_hal_rcc_ex.o
                0x0000000008001ee0                HAL_RCCEx_PeriphCLKConfig
 .text.HAL_SPI_Init
                0x000000000800207c      0x170 ./Drivers/STM32F0xx_HAL_Driver/Src/stm32f0xx_hal_spi.o
                0x000000000800207c                HAL_SPI_Init
 .text.HAL_UART_Init
                0x00000000080021ec       0xa8 ./Drivers/STM32F0xx_HAL_Driver/Src/stm32f0xx_hal_uart.o
                0x00000000080021ec                HAL_UART_Init
 .text.UART_SetConfig
                0x0000000008002294      0x254 ./Drivers/STM32F0xx_HAL_Driver/Src/stm32f0xx_hal_uart.o
                0x0000000008002294                UART_SetConfig
 .text.UART_AdvFeatureConfig
                0x00000000080024e8      0x168 ./Drivers/STM32F0xx_HAL_Driver/Src/stm32f0xx_hal_uart.o
                0x00000000080024e8                UART_AdvFeatureConfig
 .text.UART_CheckIdleState
                0x0000000008002650       0x90 ./Drivers/STM32F0xx_HAL_Driver/Src/stm32f0xx_hal_uart.o
                0x0000000008002650                UART_CheckIdleState
 .text.UART_WaitOnFlagUntilTimeout
                0x00000000080026e0      0x188 ./Drivers/STM32F0xx_HAL_Driver/Src/stm32f0xx_hal_uart.o
                0x00000000080026e0                UART_WaitOnFlagUntilTimeout
 .text.__libc_init_array
                0x0000000008002868       0x48 c:/users/cubeline/appdata/local/programs/stm32cubeide_1.7.0/stm32cubeide/plugins/com.st.stm32cube.ide.mcu.externaltools.gnu-tools-for-stm32.9-2020-q2-update.win32_2.0.0.202105311346/tools/bin/../lib/gcc/arm-none-eabi/9.3.1/../../../../arm-none-eabi/lib/thumb/v6-m/nofp\libc_nano.a(lib_a-init.o)
                0x0000000008002868                __libc_init_array
 .text.memset   0x00000000080028b0       0x10 c:/users/cubeline/appdata/local/programs/stm32cubeide_1.7.0/stm32cubeide/plugins/com.st.stm32cube.ide.mcu.externaltools.gnu-tools-for-stm32.9-2020-q2-update.win32_2.0.0.202105311346/tools/bin/../lib/gcc/arm-none-eabi/9.3.1/../../../../arm-none-eabi/lib/thumb/v6-m/nofp\libc_nano.a(lib_a-memset.o)
                0x00000000080028b0                memset
 *(.glue_7)
 .glue_7        0x00000000080028c0        0x0 linker stubs
 *(.glue_7t)
 .glue_7t       0x00000000080028c0        0x0 linker stubs
 *(.eh_frame)
 .eh_frame      0x00000000080028c0        0x0 c:/users/cubeline/appdata/local/programs/stm32cubeide_1.7.0/stm32cubeide/plugins/com.st.stm32cube.ide.mcu.externaltools.gnu-tools-for-stm32.9-2020-q2-update.win32_2.0.0.202105311346/tools/bin/../lib/gcc/arm-none-eabi/9.3.1/thumb/v6-m/nofp/crtbegin.o
 *(.init)
 .init          0x00000000080028c0        0x4 c:/users/cubeline/appdata/local/programs/stm32cubeide_1.7.0/stm32cubeide/plugins/com.st.stm32cube.ide.mcu.externaltools.gnu-tools-for-stm32.9-2020-q2-update.win32_2.0.0.202105311346/tools/bin/../lib/gcc/arm-none-eabi/9.3.1/thumb/v6-m/nofp/crti.o
                0x00000000080028c0                _init
 .init          0x00000000080028c4        0x8 c:/users/cubeline/appdata/local/programs/stm32cubeide_1.7.0/stm32cubeide/plugins/com.st.stm32cube.ide.mcu.externaltools.gnu-tools-for-stm32.9-2020-q2-update.win32_2.0.0.202105311346/tools/bin/../lib/gcc/arm-none-eabi/9.3.1/thumb/v6-m/nofp/crtn.o
 *(.fini)
 .fini          0x00000000080028cc        0x4 c:/users/cubeline/appdata/local/programs/stm32cubeide_1.7.0/stm32cubeide/plugins/com.st.stm32cube.ide.mcu.externaltools.gnu-tools-for-stm32.9-2020-q2-update.win32_2.0.0.202105311346/tools/bin/../lib/gcc/arm-none-eabi/9.3.1/thumb/v6-m/nofp/crti.o
                0x00000000080028cc                _fini
 .fini          0x00000000080028d0        0x8 c:/users/cubeline/appdata/local/programs/stm32cubeide_1.7.0/stm32cubeide/plugins/com.st.stm32cube.ide.mcu.externaltools.gnu-tools-for-stm32.9-2020-q2-update.win32_2.0.0.202105311346/tools/bin/../lib/gcc/arm-none-eabi/9.3.1/thumb/v6-m/nofp/crtn.o
                0x00000000080028d8                . = ALIGN (0x4)
                0x00000000080028d8                _etext = .

.vfp11_veneer   0x00000000080028d8        0x0
 .vfp11_veneer  0x00000000080028d8        0x0 linker stubs

.v4_bx          0x00000000080028d8        0x0
 .v4_bx         0x00000000080028d8        0x0 linker stubs

.iplt           0x00000000080028d8        0x0
 .iplt          0x00000000080028d8        0x0 c:/users/cubeline/appdata/local/programs/stm32cubeide_1.7.0/stm32cubeide/plugins/com.st.stm32cube.ide.mcu.externaltools.gnu-tools-for-stm32.9-2020-q2-update.win32_2.0.0.202105311346/tools/bin/../lib/gcc/arm-none-eabi/9.3.1/thumb/v6-m/nofp/crtbegin.o

.rodata         0x00000000080028d8       0x38
                0x00000000080028d8                . = ALIGN (0x4)
 *(.rodata)
 .rodata        0x00000000080028d8       0x20 ./Drivers/STM32F0xx_HAL_Driver/Src/stm32f0xx_hal_rcc.o
 *(.rodata*)
 .rodata.AHBPrescTable
                0x00000000080028f8       0x10 ./Core/Src/system_stm32f0xx.o
                0x00000000080028f8                AHBPrescTable
 .rodata.APBPrescTable
                0x0000000008002908        0x8 ./Core/Src/system_stm32f0xx.o
                0x0000000008002908                APBPrescTable
                0x0000000008002910                . = ALIGN (0x4)

.rel.dyn        0x0000000008002910        0x0
 .rel.iplt      0x0000000008002910        0x0 c:/users/cubeline/appdata/local/programs/stm32cubeide_1.7.0/stm32cubeide/plugins/com.st.stm32cube.ide.mcu.externaltools.gnu-tools-for-stm32.9-2020-q2-update.win32_2.0.0.202105311346/tools/bin/../lib/gcc/arm-none-eabi/9.3.1/thumb/v6-m/nofp/crtbegin.o

.ARM.extab      0x0000000008002910        0x0
                0x0000000008002910                . = ALIGN (0x4)
 *(.ARM.extab* .gnu.linkonce.armextab.*)
                0x0000000008002910                . = ALIGN (0x4)

.ARM            0x0000000008002910        0x0
                0x0000000008002910                . = ALIGN (0x4)
                0x0000000008002910                __exidx_start = .
 *(.ARM.exidx*)
                0x0000000008002910                __exidx_end = .
                0x0000000008002910                . = ALIGN (0x4)

.preinit_array  0x0000000008002910        0x0
                0x0000000008002910                . = ALIGN (0x4)
                0x0000000008002910                PROVIDE (__preinit_array_start = .)
 *(.preinit_array*)
                0x0000000008002910                PROVIDE (__preinit_array_end = .)
                0x0000000008002910                . = ALIGN (0x4)

.init_array     0x0000000008002910        0x4
                0x0000000008002910                . = ALIGN (0x4)
                0x0000000008002910                PROVIDE (__init_array_start = .)
 *(SORT_BY_NAME(.init_array.*))
 *(.init_array*)
 .init_array    0x0000000008002910        0x4 c:/users/cubeline/appdata/local/programs/stm32cubeide_1.7.0/stm32cubeide/plugins/com.st.stm32cube.ide.mcu.externaltools.gnu-tools-for-stm32.9-2020-q2-update.win32_2.0.0.202105311346/tools/bin/../lib/gcc/arm-none-eabi/9.3.1/thumb/v6-m/nofp/crtbegin.o
                0x0000000008002914                PROVIDE (__init_array_end = .)
                0x0000000008002914                . = ALIGN (0x4)

.fini_array     0x0000000008002914        0x4
                0x0000000008002914                . = ALIGN (0x4)
                [!provide]                        PROVIDE (__fini_array_start = .)
 *(SORT_BY_NAME(.fini_array.*))
 *(.fini_array*)
 .fini_array    0x0000000008002914        0x4 c:/users/cubeline/appdata/local/programs/stm32cubeide_1.7.0/stm32cubeide/plugins/com.st.stm32cube.ide.mcu.externaltools.gnu-tools-for-stm32.9-2020-q2-update.win32_2.0.0.202105311346/tools/bin/../lib/gcc/arm-none-eabi/9.3.1/thumb/v6-m/nofp/crtbegin.o
                [!provide]                        PROVIDE (__fini_array_end = .)
                0x0000000008002918                . = ALIGN (0x4)
                0x0000000008002918                _sidata = LOADADDR (.data)

.data           0x0000000020000000        0xc load address 0x0000000008002918
                0x0000000020000000                . = ALIGN (0x4)
                0x0000000020000000                _sdata = .
 *(.data)
 *(.data*)
 .data.SystemCoreClock
                0x0000000020000000        0x4 ./Core/Src/system_stm32f0xx.o
                0x0000000020000000                SystemCoreClock
 .data.uwTickPrio
                0x0000000020000004        0x4 ./Drivers/STM32F0xx_HAL_Driver/Src/stm32f0xx_hal.o
                0x0000000020000004                uwTickPrio
 .data.uwTickFreq
                0x0000000020000008        0x1 ./Drivers/STM32F0xx_HAL_Driver/Src/stm32f0xx_hal.o
                0x0000000020000008                uwTickFreq
 *(.RamFunc)
 *(.RamFunc*)
                0x000000002000000c                . = ALIGN (0x4)
 *fill*         0x0000000020000009        0x3 
                0x000000002000000c                _edata = .

.igot.plt       0x000000002000000c        0x0 load address 0x0000000008002924
 .igot.plt      0x000000002000000c        0x0 c:/users/cubeline/appdata/local/programs/stm32cubeide_1.7.0/stm32cubeide/plugins/com.st.stm32cube.ide.mcu.externaltools.gnu-tools-for-stm32.9-2020-q2-update.win32_2.0.0.202105311346/tools/bin/../lib/gcc/arm-none-eabi/9.3.1/thumb/v6-m/nofp/crtbegin.o
                0x000000002000000c                . = ALIGN (0x4)

.bss            0x000000002000000c      0x194 load address 0x0000000008002924
                0x000000002000000c                _sbss = .
                0x000000002000000c                __bss_start__ = _sbss
 *(.bss)
 .bss           0x000000002000000c       0x1c c:/users/cubeline/appdata/local/programs/stm32cubeide_1.7.0/stm32cubeide/plugins/com.st.stm32cube.ide.mcu.externaltools.gnu-tools-for-stm32.9-2020-q2-update.win32_2.0.0.202105311346/tools/bin/../lib/gcc/arm-none-eabi/9.3.1/thumb/v6-m/nofp/crtbegin.o
 *(.bss*)
 *(COMMON)
 COMMON         0x0000000020000028       0x40 ./Core/Src/adc.o
                0x0000000020000028                hadc
 COMMON         0x0000000020000068       0x4c ./Core/Src/i2c.o
                0x0000000020000068                hi2c1
 COMMON         0x00000000200000b4       0x64 ./Core/Src/spi.o
                0x00000000200000b4                hspi1
 COMMON         0x0000000020000118       0x84 ./Core/Src/usart.o
                0x0000000020000118                huart1
 COMMON         0x000000002000019c        0x4 ./Drivers/STM32F0xx_HAL_Driver/Src/stm32f0xx_hal.o
                0x000000002000019c                uwTick
                0x00000000200001a0                . = ALIGN (0x4)
                0x00000000200001a0                _ebss = .
                0x00000000200001a0                __bss_end__ = _ebss

._user_heap_stack
                0x00000000200001a0      0x600 load address 0x0000000008002924
                0x00000000200001a0                . = ALIGN (0x8)
                [!provide]                        PROVIDE (end = .)
                0x00000000200001a0                PROVIDE (_end = .)
                0x00000000200003a0                . = (. + _Min_Heap_Size)
 *fill*         0x00000000200001a0      0x200 
                0x00000000200007a0                . = (. + _Min_Stack_Size)
 *fill*         0x00000000200003a0      0x400 
                0x00000000200007a0                . = ALIGN (0x8)

/DISCARD/
 libc.a(*)
 libm.a(*)
 libgcc.a(*)

.ARM.attributes
                0x0000000000000000       0x28
 *(.ARM.attributes)
 .ARM.attributes
                0x0000000000000000       0x1e c:/users/cubeline/appdata/local/programs/stm32cubeide_1.7.0/stm32cubeide/plugins/com.st.stm32cube.ide.mcu.externaltools.gnu-tools-for-stm32.9-2020-q2-update.win32_2.0.0.202105311346/tools/bin/../lib/gcc/arm-none-eabi/9.3.1/thumb/v6-m/nofp/crti.o
 .ARM.attributes
                0x000000000000001e       0x2c c:/users/cubeline/appdata/local/programs/stm32cubeide_1.7.0/stm32cubeide/plugins/com.st.stm32cube.ide.mcu.externaltools.gnu-tools-for-stm32.9-2020-q2-update.win32_2.0.0.202105311346/tools/bin/../lib/gcc/arm-none-eabi/9.3.1/thumb/v6-m/nofp/crtbegin.o
 .ARM.attributes
                0x000000000000004a       0x2c ./Core/Src/adc.o
 .ARM.attributes
                0x0000000000000076       0x2c ./Core/Src/gpio.o
 .ARM.attributes
                0x00000000000000a2       0x2c ./Core/Src/i2c.o
 .ARM.attributes
                0x00000000000000ce       0x2c ./Core/Src/main.o
 .ARM.attributes
                0x00000000000000fa       0x2c ./Core/Src/spi.o
 .ARM.attributes
                0x0000000000000126       0x2c ./Core/Src/stm32f0xx_hal_msp.o
 .ARM.attributes
                0x0000000000000152       0x2c ./Core/Src/stm32f0xx_it.o
 .ARM.attributes
                0x000000000000017e       0x2c ./Core/Src/system_stm32f0xx.o
 .ARM.attributes
                0x00000000000001aa       0x2c ./Core/Src/usart.o
 .ARM.attributes
                0x00000000000001d6       0x21 ./Core/Startup/startup_stm32f031k6ux.o
 .ARM.attributes
                0x00000000000001f7       0x2c ./Drivers/STM32F0xx_HAL_Driver/Src/stm32f0xx_hal.o
 .ARM.attributes
                0x0000000000000223       0x2c ./Drivers/STM32F0xx_HAL_Driver/Src/stm32f0xx_hal_adc.o
 .ARM.attributes
                0x000000000000024f       0x2c ./Drivers/STM32F0xx_HAL_Driver/Src/stm32f0xx_hal_cortex.o
 .ARM.attributes
                0x000000000000027b       0x2c ./Drivers/STM32F0xx_HAL_Driver/Src/stm32f0xx_hal_gpio.o
 .ARM.attributes
                0x00000000000002a7       0x2c ./Drivers/STM32F0xx_HAL_Driver/Src/stm32f0xx_hal_i2c.o
 .ARM.attributes
                0x00000000000002d3       0x2c ./Drivers/STM32F0xx_HAL_Driver/Src/stm32f0xx_hal_i2c_ex.o
 .ARM.attributes
                0x00000000000002ff       0x2c ./Drivers/STM32F0xx_HAL_Driver/Src/stm32f0xx_hal_rcc.o
 .ARM.attributes
                0x000000000000032b       0x2c ./Drivers/STM32F0xx_HAL_Driver/Src/stm32f0xx_hal_rcc_ex.o
 .ARM.attributes
                0x0000000000000357       0x2c ./Drivers/STM32F0xx_HAL_Driver/Src/stm32f0xx_hal_spi.o
 .ARM.attributes
                0x0000000000000383       0x2c ./Drivers/STM32F0xx_HAL_Driver/Src/stm32f0xx_hal_uart.o
 .ARM.attributes
                0x00000000000003af       0x2c c:/users/cubeline/appdata/local/programs/stm32cubeide_1.7.0/stm32cubeide/plugins/com.st.stm32cube.ide.mcu.externaltools.gnu-tools-for-stm32.9-2020-q2-update.win32_2.0.0.202105311346/tools/bin/../lib/gcc/arm-none-eabi/9.3.1/../../../../arm-none-eabi/lib/thumb/v6-m/nofp\libc_nano.a(lib_a-init.o)
 .ARM.attributes
                0x00000000000003db       0x2c c:/users/cubeline/appdata/local/programs/stm32cubeide_1.7.0/stm32cubeide/plugins/com.st.stm32cube.ide.mcu.externaltools.gnu-tools-for-stm32.9-2020-q2-update.win32_2.0.0.202105311346/tools/bin/../lib/gcc/arm-none-eabi/9.3.1/../../../../arm-none-eabi/lib/thumb/v6-m/nofp\libc_nano.a(lib_a-memset.o)
 .ARM.attributes
                0x0000000000000407       0x1e c:/users/cubeline/appdata/local/programs/stm32cubeide_1.7.0/stm32cubeide/plugins/com.st.stm32cube.ide.mcu.externaltools.gnu-tools-for-stm32.9-2020-q2-update.win32_2.0.0.202105311346/tools/bin/../lib/gcc/arm-none-eabi/9.3.1/thumb/v6-m/nofp\libgcc.a(_udivsi3.o)
 .ARM.attributes
                0x0000000000000425       0x1e c:/users/cubeline/appdata/local/programs/stm32cubeide_1.7.0/stm32cubeide/plugins/com.st.stm32cube.ide.mcu.externaltools.gnu-tools-for-stm32.9-2020-q2-update.win32_2.0.0.202105311346/tools/bin/../lib/gcc/arm-none-eabi/9.3.1/thumb/v6-m/nofp\libgcc.a(_dvmd_tls.o)
 .ARM.attributes
                0x0000000000000443       0x1e c:/users/cubeline/appdata/local/programs/stm32cubeide_1.7.0/stm32cubeide/plugins/com.st.stm32cube.ide.mcu.externaltools.gnu-tools-for-stm32.9-2020-q2-update.win32_2.0.0.202105311346/tools/bin/../lib/gcc/arm-none-eabi/9.3.1/thumb/v6-m/nofp/crtn.o
OUTPUT(WirelessPositioningModule.elf elf32-littlearm)
LOAD linker stubs
LOAD c:/users/cubeline/appdata/local/programs/stm32cubeide_1.7.0/stm32cubeide/plugins/com.st.stm32cube.ide.mcu.externaltools.gnu-tools-for-stm32.9-2020-q2-update.win32_2.0.0.202105311346/tools/bin/../lib/gcc/arm-none-eabi/9.3.1/../../../../arm-none-eabi/lib/thumb/v6-m/nofp\libc.a
LOAD c:/users/cubeline/appdata/local/programs/stm32cubeide_1.7.0/stm32cubeide/plugins/com.st.stm32cube.ide.mcu.externaltools.gnu-tools-for-stm32.9-2020-q2-update.win32_2.0.0.202105311346/tools/bin/../lib/gcc/arm-none-eabi/9.3.1/../../../../arm-none-eabi/lib/thumb/v6-m/nofp\libm.a
LOAD c:/users/cubeline/appdata/local/programs/stm32cubeide_1.7.0/stm32cubeide/plugins/com.st.stm32cube.ide.mcu.externaltools.gnu-tools-for-stm32.9-2020-q2-update.win32_2.0.0.202105311346/tools/bin/../lib/gcc/arm-none-eabi/9.3.1/thumb/v6-m/nofp\libgcc.a

.debug_info     0x0000000000000000     0xeea5
 .debug_info    0x0000000000000000      0x8df ./Core/Src/adc.o
 .debug_info    0x00000000000008df      0x3e0 ./Core/Src/gpio.o
 .debug_info    0x0000000000000cbf      0x94e ./Core/Src/i2c.o
 .debug_info    0x000000000000160d     0x10e7 ./Core/Src/main.o
 .debug_info    0x00000000000026f4      0x91a ./Core/Src/spi.o
 .debug_info    0x000000000000300e      0x27d ./Core/Src/stm32f0xx_hal_msp.o
 .debug_info    0x000000000000328b      0x1b3 ./Core/Src/stm32f0xx_it.o
 .debug_info    0x000000000000343e      0x2c3 ./Core/Src/system_stm32f0xx.o
 .debug_info    0x0000000000003701      0x9a5 ./Core/Src/usart.o
 .debug_info    0x00000000000040a6       0x22 ./Core/Startup/startup_stm32f031k6ux.o
 .debug_info    0x00000000000040c8      0x6ca ./Drivers/STM32F0xx_HAL_Driver/Src/stm32f0xx_hal.o
 .debug_info    0x0000000000004792      0xd62 ./Drivers/STM32F0xx_HAL_Driver/Src/stm32f0xx_hal_adc.o
 .debug_info    0x00000000000054f4      0x7ac ./Drivers/STM32F0xx_HAL_Driver/Src/stm32f0xx_hal_cortex.o
 .debug_info    0x0000000000005ca0      0x6d4 ./Drivers/STM32F0xx_HAL_Driver/Src/stm32f0xx_hal_gpio.o
 .debug_info    0x0000000000006374     0x2195 ./Drivers/STM32F0xx_HAL_Driver/Src/stm32f0xx_hal_i2c.o
 .debug_info    0x0000000000008509      0x942 ./Drivers/STM32F0xx_HAL_Driver/Src/stm32f0xx_hal_i2c_ex.o
 .debug_info    0x0000000000008e4b      0x88d ./Drivers/STM32F0xx_HAL_Driver/Src/stm32f0xx_hal_rcc.o
 .debug_info    0x00000000000096d8      0x401 ./Drivers/STM32F0xx_HAL_Driver/Src/stm32f0xx_hal_rcc_ex.o
 .debug_info    0x0000000000009ad9     0x17b7 ./Drivers/STM32F0xx_HAL_Driver/Src/stm32f0xx_hal_spi.o
 .debug_info    0x000000000000b290     0x3c15 ./Drivers/STM32F0xx_HAL_Driver/Src/stm32f0xx_hal_uart.o

.debug_abbrev   0x0000000000000000     0x2336
 .debug_abbrev  0x0000000000000000      0x1bb ./Core/Src/adc.o
 .debug_abbrev  0x00000000000001bb      0x14e ./Core/Src/gpio.o
 .debug_abbrev  0x0000000000000309      0x1c6 ./Core/Src/i2c.o
 .debug_abbrev  0x00000000000004cf      0x1d2 ./Core/Src/main.o
 .debug_abbrev  0x00000000000006a1      0x1bb ./Core/Src/spi.o
 .debug_abbrev  0x000000000000085c      0x11d ./Core/Src/stm32f0xx_hal_msp.o
 .debug_abbrev  0x0000000000000979       0xd2 ./Core/Src/stm32f0xx_it.o
 .debug_abbrev  0x0000000000000a4b      0x145 ./Core/Src/system_stm32f0xx.o
 .debug_abbrev  0x0000000000000b90      0x1bb ./Core/Src/usart.o
 .debug_abbrev  0x0000000000000d4b       0x12 ./Core/Startup/startup_stm32f031k6ux.o
 .debug_abbrev  0x0000000000000d5d      0x21e ./Drivers/STM32F0xx_HAL_Driver/Src/stm32f0xx_hal.o
 .debug_abbrev  0x0000000000000f7b      0x1f1 ./Drivers/STM32F0xx_HAL_Driver/Src/stm32f0xx_hal_adc.o
 .debug_abbrev  0x000000000000116c      0x2a9 ./Drivers/STM32F0xx_HAL_Driver/Src/stm32f0xx_hal_cortex.o
 .debug_abbrev  0x0000000000001415      0x1e8 ./Drivers/STM32F0xx_HAL_Driver/Src/stm32f0xx_hal_gpio.o
 .debug_abbrev  0x00000000000015fd      0x267 ./Drivers/STM32F0xx_HAL_Driver/Src/stm32f0xx_hal_i2c.o
 .debug_abbrev  0x0000000000001864      0x1ee ./Drivers/STM32F0xx_HAL_Driver/Src/stm32f0xx_hal_i2c_ex.o
 .debug_abbrev  0x0000000000001a52      0x23b ./Drivers/STM32F0xx_HAL_Driver/Src/stm32f0xx_hal_rcc.o
 .debug_abbrev  0x0000000000001c8d      0x193 ./Drivers/STM32F0xx_HAL_Driver/Src/stm32f0xx_hal_rcc_ex.o
 .debug_abbrev  0x0000000000001e20      0x254 ./Drivers/STM32F0xx_HAL_Driver/Src/stm32f0xx_hal_spi.o
 .debug_abbrev  0x0000000000002074      0x2c2 ./Drivers/STM32F0xx_HAL_Driver/Src/stm32f0xx_hal_uart.o

.debug_aranges  0x0000000000000000      0xc28
 .debug_aranges
                0x0000000000000000       0x30 ./Core/Src/adc.o
 .debug_aranges
                0x0000000000000030       0x20 ./Core/Src/gpio.o
 .debug_aranges
                0x0000000000000050       0x30 ./Core/Src/i2c.o
 .debug_aranges
                0x0000000000000080       0x30 ./Core/Src/main.o
 .debug_aranges
                0x00000000000000b0       0x30 ./Core/Src/spi.o
 .debug_aranges
                0x00000000000000e0       0x20 ./Core/Src/stm32f0xx_hal_msp.o
 .debug_aranges
                0x0000000000000100       0x40 ./Core/Src/stm32f0xx_it.o
 .debug_aranges
                0x0000000000000140       0x28 ./Core/Src/system_stm32f0xx.o
 .debug_aranges
                0x0000000000000168       0x30 ./Core/Src/usart.o
 .debug_aranges
                0x0000000000000198       0x28 ./Core/Startup/startup_stm32f031k6ux.o
 .debug_aranges
                0x00000000000001c0       0xd0 ./Drivers/STM32F0xx_HAL_Driver/Src/stm32f0xx_hal.o
 .debug_aranges
                0x0000000000000290       0xf8 ./Drivers/STM32F0xx_HAL_Driver/Src/stm32f0xx_hal_adc.o
 .debug_aranges
                0x0000000000000388       0xc0 ./Drivers/STM32F0xx_HAL_Driver/Src/stm32f0xx_hal_cortex.o
 .debug_aranges
                0x0000000000000448       0x58 ./Drivers/STM32F0xx_HAL_Driver/Src/stm32f0xx_hal_gpio.o
 .debug_aranges
                0x00000000000004a0      0x290 ./Drivers/STM32F0xx_HAL_Driver/Src/stm32f0xx_hal_i2c.o
 .debug_aranges
                0x0000000000000730       0x48 ./Drivers/STM32F0xx_HAL_Driver/Src/stm32f0xx_hal_i2c_ex.o
 .debug_aranges
                0x0000000000000778       0x80 ./Drivers/STM32F0xx_HAL_Driver/Src/stm32f0xx_hal_rcc.o
 .debug_aranges
                0x00000000000007f8       0x30 ./Drivers/STM32F0xx_HAL_Driver/Src/stm32f0xx_hal_rcc_ex.o
 .debug_aranges
                0x0000000000000828      0x1d8 ./Drivers/STM32F0xx_HAL_Driver/Src/stm32f0xx_hal_spi.o
 .debug_aranges
                0x0000000000000a00      0x228 ./Drivers/STM32F0xx_HAL_Driver/Src/stm32f0xx_hal_uart.o

.debug_ranges   0x0000000000000000      0xb20
 .debug_ranges  0x0000000000000000       0x20 ./Core/Src/adc.o
 .debug_ranges  0x0000000000000020       0x10 ./Core/Src/gpio.o
 .debug_ranges  0x0000000000000030       0x20 ./Core/Src/i2c.o
 .debug_ranges  0x0000000000000050       0x20 ./Core/Src/main.o
 .debug_ranges  0x0000000000000070       0x20 ./Core/Src/spi.o
 .debug_ranges  0x0000000000000090       0x10 ./Core/Src/stm32f0xx_hal_msp.o
 .debug_ranges  0x00000000000000a0       0x30 ./Core/Src/stm32f0xx_it.o
 .debug_ranges  0x00000000000000d0       0x18 ./Core/Src/system_stm32f0xx.o
 .debug_ranges  0x00000000000000e8       0x20 ./Core/Src/usart.o
 .debug_ranges  0x0000000000000108       0x20 ./Core/Startup/startup_stm32f031k6ux.o
 .debug_ranges  0x0000000000000128       0xc0 ./Drivers/STM32F0xx_HAL_Driver/Src/stm32f0xx_hal.o
 .debug_ranges  0x00000000000001e8       0xe8 ./Drivers/STM32F0xx_HAL_Driver/Src/stm32f0xx_hal_adc.o
 .debug_ranges  0x00000000000002d0       0xb0 ./Drivers/STM32F0xx_HAL_Driver/Src/stm32f0xx_hal_cortex.o
 .debug_ranges  0x0000000000000380       0x48 ./Drivers/STM32F0xx_HAL_Driver/Src/stm32f0xx_hal_gpio.o
 .debug_ranges  0x00000000000003c8      0x280 ./Drivers/STM32F0xx_HAL_Driver/Src/stm32f0xx_hal_i2c.o
 .debug_ranges  0x0000000000000648       0x38 ./Drivers/STM32F0xx_HAL_Driver/Src/stm32f0xx_hal_i2c_ex.o
 .debug_ranges  0x0000000000000680       0x70 ./Drivers/STM32F0xx_HAL_Driver/Src/stm32f0xx_hal_rcc.o
 .debug_ranges  0x00000000000006f0       0x20 ./Drivers/STM32F0xx_HAL_Driver/Src/stm32f0xx_hal_rcc_ex.o
 .debug_ranges  0x0000000000000710      0x1c8 ./Drivers/STM32F0xx_HAL_Driver/Src/stm32f0xx_hal_spi.o
 .debug_ranges  0x00000000000008d8      0x248 ./Drivers/STM32F0xx_HAL_Driver/Src/stm32f0xx_hal_uart.o

.debug_macro    0x0000000000000000    0x10bec
 .debug_macro   0x0000000000000000      0x1f0 ./Core/Src/adc.o
 .debug_macro   0x00000000000001f0      0xa7e ./Core/Src/adc.o
 .debug_macro   0x0000000000000c6e      0x139 ./Core/Src/adc.o
 .debug_macro   0x0000000000000da7       0x2e ./Core/Src/adc.o
 .debug_macro   0x0000000000000dd5       0x22 ./Core/Src/adc.o
 .debug_macro   0x0000000000000df7       0x22 ./Core/Src/adc.o
 .debug_macro   0x0000000000000e19       0x8e ./Core/Src/adc.o
 .debug_macro   0x0000000000000ea7       0x51 ./Core/Src/adc.o
 .debug_macro   0x0000000000000ef8      0x103 ./Core/Src/adc.o
 .debug_macro   0x0000000000000ffb       0x6a ./Core/Src/adc.o
 .debug_macro   0x0000000000001065      0x1df ./Core/Src/adc.o
 .debug_macro   0x0000000000001244       0x1c ./Core/Src/adc.o
 .debug_macro   0x0000000000001260       0x22 ./Core/Src/adc.o
 .debug_macro   0x0000000000001282       0xb5 ./Core/Src/adc.o
 .debug_macro   0x0000000000001337      0x391 ./Core/Src/adc.o
 .debug_macro   0x00000000000016c8     0x7544 ./Core/Src/adc.o
 .debug_macro   0x0000000000008c0c       0x66 ./Core/Src/adc.o
 .debug_macro   0x0000000000008c72     0x34a6 ./Core/Src/adc.o
 .debug_macro   0x000000000000c118      0x174 ./Core/Src/adc.o
 .debug_macro   0x000000000000c28c       0x55 ./Core/Src/adc.o
 .debug_macro   0x000000000000c2e1      0x924 ./Core/Src/adc.o
 .debug_macro   0x000000000000cc05       0xe5 ./Core/Src/adc.o
 .debug_macro   0x000000000000ccea      0x1af ./Core/Src/adc.o
 .debug_macro   0x000000000000ce99       0xce ./Core/Src/adc.o
 .debug_macro   0x000000000000cf67      0x199 ./Core/Src/adc.o
 .debug_macro   0x000000000000d100      0x1ed ./Core/Src/adc.o
 .debug_macro   0x000000000000d2ed       0x34 ./Core/Src/adc.o
 .debug_macro   0x000000000000d321       0x43 ./Core/Src/adc.o
 .debug_macro   0x000000000000d364       0x28 ./Core/Src/adc.o
 .debug_macro   0x000000000000d38c      0x33d ./Core/Src/adc.o
 .debug_macro   0x000000000000d6c9       0xd4 ./Core/Src/adc.o
 .debug_macro   0x000000000000d79d       0xb0 ./Core/Src/adc.o
 .debug_macro   0x000000000000d84d      0x15a ./Core/Src/adc.o
 .debug_macro   0x000000000000d9a7      0x22c ./Core/Src/adc.o
 .debug_macro   0x000000000000dbd3       0x61 ./Core/Src/adc.o
 .debug_macro   0x000000000000dc34       0xa5 ./Core/Src/adc.o
 .debug_macro   0x000000000000dcd9       0x4c ./Core/Src/adc.o
 .debug_macro   0x000000000000dd25      0x112 ./Core/Src/adc.o
 .debug_macro   0x000000000000de37      0x2fe ./Core/Src/adc.o
 .debug_macro   0x000000000000e135      0x5a5 ./Core/Src/adc.o
 .debug_macro   0x000000000000e6da       0x3e ./Core/Src/adc.o
 .debug_macro   0x000000000000e718      0x106 ./Core/Src/adc.o
 .debug_macro   0x000000000000e81e       0x94 ./Core/Src/adc.o
 .debug_macro   0x000000000000e8b2      0x1f0 ./Core/Src/gpio.o
 .debug_macro   0x000000000000eaa2      0x1f0 ./Core/Src/i2c.o
 .debug_macro   0x000000000000ec92      0x21c ./Core/Src/main.o
 .debug_macro   0x000000000000eeae      0x1f0 ./Core/Src/spi.o
 .debug_macro   0x000000000000f09e      0x1e6 ./Core/Src/stm32f0xx_hal_msp.o
 .debug_macro   0x000000000000f284      0x1f0 ./Core/Src/stm32f0xx_it.o
 .debug_macro   0x000000000000f474      0x1d7 ./Core/Src/system_stm32f0xx.o
 .debug_macro   0x000000000000f64b      0x1f0 ./Core/Src/usart.o
 .debug_macro   0x000000000000f83b      0x1fb ./Drivers/STM32F0xx_HAL_Driver/Src/stm32f0xx_hal.o
 .debug_macro   0x000000000000fa36      0x1fb ./Drivers/STM32F0xx_HAL_Driver/Src/stm32f0xx_hal_adc.o
 .debug_macro   0x000000000000fc31      0x1d7 ./Drivers/STM32F0xx_HAL_Driver/Src/stm32f0xx_hal_cortex.o
 .debug_macro   0x000000000000fe08      0x1de ./Drivers/STM32F0xx_HAL_Driver/Src/stm32f0xx_hal_gpio.o
 .debug_macro   0x000000000000ffe6      0x29c ./Drivers/STM32F0xx_HAL_Driver/Src/stm32f0xx_hal_i2c.o
 .debug_macro   0x0000000000010282      0x1d7 ./Drivers/STM32F0xx_HAL_Driver/Src/stm32f0xx_hal_i2c_ex.o
 .debug_macro   0x0000000000010459      0x1e9 ./Drivers/STM32F0xx_HAL_Driver/Src/stm32f0xx_hal_rcc.o
 .debug_macro   0x0000000000010642      0x1d7 ./Drivers/STM32F0xx_HAL_Driver/Src/stm32f0xx_hal_rcc_ex.o
 .debug_macro   0x0000000000010819      0x1df ./Drivers/STM32F0xx_HAL_Driver/Src/stm32f0xx_hal_spi.o
 .debug_macro   0x00000000000109f8      0x1f4 ./Drivers/STM32F0xx_HAL_Driver/Src/stm32f0xx_hal_uart.o

.debug_line     0x0000000000000000    0x1272e
 .debug_line    0x0000000000000000      0x8b0 ./Core/Src/adc.o
 .debug_line    0x00000000000008b0      0x871 ./Core/Src/gpio.o
 .debug_line    0x0000000000001121      0x8a9 ./Core/Src/i2c.o
 .debug_line    0x00000000000019ca      0x8e3 ./Core/Src/main.o
 .debug_line    0x00000000000022ad      0x8a5 ./Core/Src/spi.o
 .debug_line    0x0000000000002b52      0x82c ./Core/Src/stm32f0xx_hal_msp.o
 .debug_line    0x000000000000337e      0x891 ./Core/Src/stm32f0xx_it.o
 .debug_line    0x0000000000003c0f      0x89c ./Core/Src/system_stm32f0xx.o
 .debug_line    0x00000000000044ab      0x89c ./Core/Src/usart.o
 .debug_line    0x0000000000004d47       0x89 ./Core/Startup/startup_stm32f031k6ux.o
 .debug_line    0x0000000000004dd0      0xaa7 ./Drivers/STM32F0xx_HAL_Driver/Src/stm32f0xx_hal.o
 .debug_line    0x0000000000005877     0x12ed ./Drivers/STM32F0xx_HAL_Driver/Src/stm32f0xx_hal_adc.o
 .debug_line    0x0000000000006b64      0xb53 ./Drivers/STM32F0xx_HAL_Driver/Src/stm32f0xx_hal_cortex.o
 .debug_line    0x00000000000076b7      0xc11 ./Drivers/STM32F0xx_HAL_Driver/Src/stm32f0xx_hal_gpio.o
 .debug_line    0x00000000000082c8     0x33f7 ./Drivers/STM32F0xx_HAL_Driver/Src/stm32f0xx_hal_i2c.o
 .debug_line    0x000000000000b6bf      0xa4a ./Drivers/STM32F0xx_HAL_Driver/Src/stm32f0xx_hal_i2c_ex.o
 .debug_line    0x000000000000c109      0xe93 ./Drivers/STM32F0xx_HAL_Driver/Src/stm32f0xx_hal_rcc.o
 .debug_line    0x000000000000cf9c      0xa06 ./Drivers/STM32F0xx_HAL_Driver/Src/stm32f0xx_hal_rcc_ex.o
 .debug_line    0x000000000000d9a2     0x1ffe ./Drivers/STM32F0xx_HAL_Driver/Src/stm32f0xx_hal_spi.o
 .debug_line    0x000000000000f9a0     0x2d8e ./Drivers/STM32F0xx_HAL_Driver/Src/stm32f0xx_hal_uart.o

.debug_str      0x0000000000000000    0x60f47
 .debug_str     0x0000000000000000    0x5db53 ./Core/Src/adc.o
                                      0x5de75 (size before relaxing)
 .debug_str     0x000000000005db53       0x48 ./Core/Src/gpio.o
                                      0x5daa8 (size before relaxing)
 .debug_str     0x000000000005db9b      0x2a7 ./Core/Src/i2c.o
                                      0x5df61 (size before relaxing)
 .debug_str     0x000000000005de42      0x54b ./Core/Src/main.o
                                      0x5e588 (size before relaxing)
 .debug_str     0x000000000005e38d       0x4b ./Core/Src/spi.o
                                      0x5deab (size before relaxing)
 .debug_str     0x000000000005e3d8       0x2c ./Core/Src/stm32f0xx_hal_msp.o
                                      0x5da0b (size before relaxing)
 .debug_str     0x000000000005e404       0x76 ./Core/Src/stm32f0xx_it.o
                                      0x5d9fb (size before relaxing)
 .debug_str     0x000000000005e47a       0x5f ./Core/Src/system_stm32f0xx.o
                                      0x5d7ee (size before relaxing)
 .debug_str     0x000000000005e4d9       0x57 ./Core/Src/usart.o
                                      0x5ded8 (size before relaxing)
 .debug_str     0x000000000005e530       0x36 ./Core/Startup/startup_stm32f031k6ux.o
                                         0x6e (size before relaxing)
 .debug_str     0x000000000005e566      0x401 ./Drivers/STM32F0xx_HAL_Driver/Src/stm32f0xx_hal.o
                                      0x5dcd8 (size before relaxing)
 .debug_str     0x000000000005e967      0x384 ./Drivers/STM32F0xx_HAL_Driver/Src/stm32f0xx_hal_adc.o
                                      0x5deee (size before relaxing)
 .debug_str     0x000000000005eceb      0x1dc ./Drivers/STM32F0xx_HAL_Driver/Src/stm32f0xx_hal_cortex.o
                                      0x5db8c (size before relaxing)
 .debug_str     0x000000000005eec7      0x14b ./Drivers/STM32F0xx_HAL_Driver/Src/stm32f0xx_hal_gpio.o
                                      0x5d9cd (size before relaxing)
 .debug_str     0x000000000005f012      0xdc1 ./Drivers/STM32F0xx_HAL_Driver/Src/stm32f0xx_hal_i2c.o
                                      0x5eaa2 (size before relaxing)
 .debug_str     0x000000000005fdd3       0xb8 ./Drivers/STM32F0xx_HAL_Driver/Src/stm32f0xx_hal_i2c_ex.o
                                      0x5dd8c (size before relaxing)
 .debug_str     0x000000000005fe8b      0x235 ./Drivers/STM32F0xx_HAL_Driver/Src/stm32f0xx_hal_rcc.o
                                      0x5dbf8 (size before relaxing)
 .debug_str     0x00000000000600c0       0xb1 ./Drivers/STM32F0xx_HAL_Driver/Src/stm32f0xx_hal_rcc_ex.o
                                      0x5d92a (size before relaxing)
 .debug_str     0x0000000000060171      0x56b ./Drivers/STM32F0xx_HAL_Driver/Src/stm32f0xx_hal_spi.o
                                      0x5e13e (size before relaxing)
 .debug_str     0x00000000000606dc      0x86b ./Drivers/STM32F0xx_HAL_Driver/Src/stm32f0xx_hal_uart.o
                                      0x5e4c2 (size before relaxing)

.comment        0x0000000000000000       0x53
 .comment       0x0000000000000000       0x53 ./Core/Src/adc.o
                                         0x54 (size before relaxing)
 .comment       0x0000000000000053       0x54 ./Core/Src/gpio.o
 .comment       0x0000000000000053       0x54 ./Core/Src/i2c.o
 .comment       0x0000000000000053       0x54 ./Core/Src/main.o
 .comment       0x0000000000000053       0x54 ./Core/Src/spi.o
 .comment       0x0000000000000053       0x54 ./Core/Src/stm32f0xx_hal_msp.o
 .comment       0x0000000000000053       0x54 ./Core/Src/stm32f0xx_it.o
 .comment       0x0000000000000053       0x54 ./Core/Src/system_stm32f0xx.o
 .comment       0x0000000000000053       0x54 ./Core/Src/usart.o
 .comment       0x0000000000000053       0x54 ./Drivers/STM32F0xx_HAL_Driver/Src/stm32f0xx_hal.o
 .comment       0x0000000000000053       0x54 ./Drivers/STM32F0xx_HAL_Driver/Src/stm32f0xx_hal_adc.o
 .comment       0x0000000000000053       0x54 ./Drivers/STM32F0xx_HAL_Driver/Src/stm32f0xx_hal_cortex.o
 .comment       0x0000000000000053       0x54 ./Drivers/STM32F0xx_HAL_Driver/Src/stm32f0xx_hal_gpio.o
 .comment       0x0000000000000053       0x54 ./Drivers/STM32F0xx_HAL_Driver/Src/stm32f0xx_hal_i2c.o
 .comment       0x0000000000000053       0x54 ./Drivers/STM32F0xx_HAL_Driver/Src/stm32f0xx_hal_i2c_ex.o
 .comment       0x0000000000000053       0x54 ./Drivers/STM32F0xx_HAL_Driver/Src/stm32f0xx_hal_rcc.o
 .comment       0x0000000000000053       0x54 ./Drivers/STM32F0xx_HAL_Driver/Src/stm32f0xx_hal_rcc_ex.o
 .comment       0x0000000000000053       0x54 ./Drivers/STM32F0xx_HAL_Driver/Src/stm32f0xx_hal_spi.o
 .comment       0x0000000000000053       0x54 ./Drivers/STM32F0xx_HAL_Driver/Src/stm32f0xx_hal_uart.o

.debug_frame    0x0000000000000000     0x2a20
 .debug_frame   0x0000000000000000       0x70 ./Core/Src/adc.o
 .debug_frame   0x0000000000000070       0x30 ./Core/Src/gpio.o
 .debug_frame   0x00000000000000a0       0x6c ./Core/Src/i2c.o
 .debug_frame   0x000000000000010c       0x68 ./Core/Src/main.o
 .debug_frame   0x0000000000000174       0x6c ./Core/Src/spi.o
 .debug_frame   0x00000000000001e0       0x30 ./Core/Src/stm32f0xx_hal_msp.o
 .debug_frame   0x0000000000000210       0x9c ./Core/Src/stm32f0xx_it.o
 .debug_frame   0x00000000000002ac       0x4c ./Core/Src/system_stm32f0xx.o
 .debug_frame   0x00000000000002f8       0x6c ./Core/Src/usart.o
 .debug_frame   0x0000000000000364      0x2a4 ./Drivers/STM32F0xx_HAL_Driver/Src/stm32f0xx_hal.o
 .debug_frame   0x0000000000000608      0x3a0 ./Drivers/STM32F0xx_HAL_Driver/Src/stm32f0xx_hal_adc.o
 .debug_frame   0x00000000000009a8      0x2a0 ./Drivers/STM32F0xx_HAL_Driver/Src/stm32f0xx_hal_cortex.o
 .debug_frame   0x0000000000000c48      0x110 ./Drivers/STM32F0xx_HAL_Driver/Src/stm32f0xx_hal_gpio.o
 .debug_frame   0x0000000000000d58      0xa24 ./Drivers/STM32F0xx_HAL_Driver/Src/stm32f0xx_hal_i2c.o
 .debug_frame   0x000000000000177c       0xd0 ./Drivers/STM32F0xx_HAL_Driver/Src/stm32f0xx_hal_i2c_ex.o
 .debug_frame   0x000000000000184c      0x198 ./Drivers/STM32F0xx_HAL_Driver/Src/stm32f0xx_hal_rcc.o
 .debug_frame   0x00000000000019e4       0x70 ./Drivers/STM32F0xx_HAL_Driver/Src/stm32f0xx_hal_rcc_ex.o
 .debug_frame   0x0000000000001a54      0x710 ./Drivers/STM32F0xx_HAL_Driver/Src/stm32f0xx_hal_spi.o
 .debug_frame   0x0000000000002164      0x850 ./Drivers/STM32F0xx_HAL_Driver/Src/stm32f0xx_hal_uart.o
 .debug_frame   0x00000000000029b4       0x2c c:/users/cubeline/appdata/local/programs/stm32cubeide_1.7.0/stm32cubeide/plugins/com.st.stm32cube.ide.mcu.externaltools.gnu-tools-for-stm32.9-2020-q2-update.win32_2.0.0.202105311346/tools/bin/../lib/gcc/arm-none-eabi/9.3.1/../../../../arm-none-eabi/lib/thumb/v6-m/nofp\libc_nano.a(lib_a-init.o)
 .debug_frame   0x00000000000029e0       0x20 c:/users/cubeline/appdata/local/programs/stm32cubeide_1.7.0/stm32cubeide/plugins/com.st.stm32cube.ide.mcu.externaltools.gnu-tools-for-stm32.9-2020-q2-update.win32_2.0.0.202105311346/tools/bin/../lib/gcc/arm-none-eabi/9.3.1/../../../../arm-none-eabi/lib/thumb/v6-m/nofp\libc_nano.a(lib_a-memset.o)
 .debug_frame   0x0000000000002a00       0x20 c:/users/cubeline/appdata/local/programs/stm32cubeide_1.7.0/stm32cubeide/plugins/com.st.stm32cube.ide.mcu.externaltools.gnu-tools-for-stm32.9-2020-q2-update.win32_2.0.0.202105311346/tools/bin/../lib/gcc/arm-none-eabi/9.3.1/thumb/v6-m/nofp\libgcc.a(_udivsi3.o)
